INFO:root:This is my line of execution
ERROR:root:This is my Error
CRITICAL:root:This is my critical
WARNING:root:This is my warning
INFO:root:This is my line of execution
ERROR:root:This is my Error
CRITICAL:root:This is my critical
WARNING:root:This is my warning
INFO:root:This is my info log
